INFO:     Started server process [8976]
INFO:     Waiting for application startup.
2026-10-02 01:33:18,177 INFO     alphatrade.bootstrap: AlphaTradePro backend ready (env=development)
2026-10-02 01:33:18,177 INFO     alphatrade: Environment: development
INFO:     Application startup complete.
INFO:     Uvicorn running on http://127.0.0.1:8000 (Press CTRL+C to quit)
2026-10-02 01:33:18,477 WARNING  alphatrade.neo: Kotak login attempt 1 for X7KT4 failed: totp_login rejected: Consumer key 1f085742-92d3-4662-bb72-ff29f712e55c does not exist
2026-10-02 01:33:20,817 WARNING  alphatrade.neo: Kotak login attempt 2 for X7KT4 failed: totp_login rejected: Consumer key 1f085742-92d3-4662-bb72-ff29f712e55c does not exist
2026-10-02 01:33:25,252 WARNING  alphatrade.neo: Kotak login attempt 3 for X7KT4 failed: totp_login rejected: Consumer key 1f085742-92d3-4662-bb72-ff29f712e55c does not exist
2026-10-02 01:33:25,252 WARNING  alphatrade.neo: Keepalive could not refresh X7KT4: Kotak Neo login failed for X7KT4 after 3 attempts: totp_login rejected: Consumer key 1f085742-92d3-4662-bb72-ff29f712e55c does not exist
2026-10-02 01:33:25,616 WARNING  alphatrade.neo: Kotak login attempt 1 for X7KT4 failed: totp_login rejected: Consumer key 1f085742-92d3-4662-bb72-ff29f712e55c does not exist
2026-10-02 01:33:27,988 WARNING  alphatrade.neo: Kotak login attempt 2 for X7KT4 failed: totp_login rejected: Consumer key 1f085742-92d3-4662-bb72-ff29f712e55c does not exist
2026-10-02 01:33:32,314 WARNING  alphatrade.neo: Kotak login attempt 3 for X7KT4 failed: totp_login rejected: Consumer key 1f085742-92d3-4662-bb72-ff29f712e55c does not exist
2026-10-02 01:33:32,314 WARNING  alphatrade.feed: Market feed: Kotak Neo login failed for X7KT4 after 3 attempts: totp_login rejected: Consumer key 1f085742-92d3-4662-bb72-ff29f712e55c does not exist
2026-10-02 01:33:33,656 WARNING  alphatrade.neo: Kotak login attempt 1 for X7KT4 failed: totp_login rejected: Consumer key 1f085742-92d3-4662-bb72-ff29f712e55c does not exist
2026-10-02 01:33:35,916 WARNING  alphatrade.neo: Kotak login attempt 2 for X7KT4 failed: totp_login rejected: Consumer key 1f085742-92d3-4662-bb72-ff29f712e55c does not exist
2026-10-02 01:33:40,303 WARNING  alphatrade.neo: Kotak login attempt 3 for X7KT4 failed: totp_login rejected: Consumer key 1f085742-92d3-4662-bb72-ff29f712e55c does not exist
2026-10-02 01:33:40,303 WARNING  alphatrade.feed: Market feed: Kotak Neo login failed for X7KT4 after 3 attempts: totp_login rejected: Consumer key 1f085742-92d3-4662-bb72-ff29f712e55c does not exist
2026-10-02 01:33:42,622 WARNING  alphatrade.neo: Kotak login attempt 1 for X7KT4 failed: totp_login rejected: Consumer key 1f085742-92d3-4662-bb72-ff29f712e55c does not exist
2026-10-02 01:33:45,016 WARNING  alphatrade.neo: Kotak login attempt 2 for X7KT4 failed: totp_login rejected: Consumer key 1f085742-92d3-4662-bb72-ff29f712e55c does not exist
2026-10-02 01:33:49,385 WARNING  alphatrade.neo: Kotak login attempt 3 for X7KT4 failed: totp_login rejected: Consumer key 1f085742-92d3-4662-bb72-ff29f712e55c does not exist
2026-10-02 01:33:49,385 WARNING  alphatrade.feed: Market feed: Kotak Neo login failed for X7KT4 after 3 attempts: totp_login rejected: Consumer key 1f085742-92d3-4662-bb72-ff29f712e55c does not exist
2026-10-02 01:33:53,825 WARNING  alphatrade.neo: Kotak login attempt 1 for X7KT4 failed: totp_login rejected: Consumer key 1f085742-92d3-4662-bb72-ff29f712e55c does not exist
2026-10-02 01:33:56,168 WARNING  alphatrade.neo: Kotak login attempt 2 for X7KT4 failed: totp_login rejected: Consumer key 1f085742-92d3-4662-bb72-ff29f712e55c does not exist
2026-10-02 01:34:00,479 WARNING  alphatrade.neo: Kotak login attempt 3 for X7KT4 failed: totp_login rejected: Consumer key 1f085742-92d3-4662-bb72-ff29f712e55c does not exist
2026-10-02 01:34:00,480 WARNING  alphatrade.feed: Market feed: Kotak Neo login failed for X7KT4 after 3 attempts: totp_login rejected: Consumer key 1f085742-92d3-4662-bb72-ff29f712e55c does not exist
