   ▲ Next.js 15.5.26

   Creating an optimized production build ...
 ✓ Compiled successfully in 11.0s
   Linting and checking validity of types ...
   Collecting page data ...
   Generating static pages (0/18) ...
   Generating static pages (4/18) 
   Generating static pages (8/18) 
   Generating static pages (13/18) 
 ✓ Generating static pages (18/18)
   Finalizing page optimization ...
   Collecting build traces ...

Route (app)                                 Size  First Load JS
┌ ○ /                                      123 B         103 kB
├ ○ /_not-found                            993 B         104 kB
├ ○ /alerts                              4.78 kB         115 kB
├ ○ /analytics                           2.71 kB         118 kB
├ ○ /backtest                            3.03 kB         119 kB
├ ○ /coach                               4.35 kB         115 kB
├ ○ /dashboard                           6.59 kB         117 kB
├ ○ /login                               1.43 kB         109 kB
├ ○ /market                              3.51 kB         119 kB
├ ○ /options                             4.91 kB         115 kB
├ ○ /paper                               4.94 kB         115 kB
├ ○ /portfolio                           4.34 kB         115 kB
├ ○ /risk                                5.32 kB         116 kB
├ ○ /settings                            4.94 kB         115 kB
├ ○ /strategies                          5.86 kB         116 kB
└ ○ /trade                                5.4 kB         116 kB
+ First Load JS shared by all             103 kB
  ├ chunks/255-2dbbf79f36f0dfa2.js       46.4 kB
  ├ chunks/4bd1b696-c023c6e3521b1417.js  54.2 kB
  └ other shared chunks (total)          1.99 kB


○  (Static)  prerendered as static content

